/work/projects/metadl/tests/clang/evaluation/src/mpi/test1.c,41,3,ISend without wait
/work/projects/metadl/tests/clang/evaluation/src/mpi/test1.c,51,3,ISend without wait
/work/projects/metadl/tests/clang/evaluation/src/mpi/test1.c,58,3,ISend without wait
