/work/projects/metadl/tests/clang/evaluation/src/buffer_overread/CWE126_Buffer_Overread__char_alloca_memcpy_01.c,40,9,BufferOverread
