7,0,35
8,0,37
10,0,38
12,0,39
14,0,40
15,0,41
16,0,42
17,0,43
19,0,44
19,1,45
