tests/clang/evaluation/src/andersen/test1.c,3,9,tests/clang/evaluation/src/andersen/test1.c,14,19
tests/clang/evaluation/src/andersen/test1.c,7,10,tests/clang/evaluation/src/andersen/test1.c,14,19
tests/clang/evaluation/src/andersen/test1.c,8,3,tests/clang/evaluation/src/andersen/test1.c,14,19
tests/clang/evaluation/src/andersen/test1.c,14,3,tests/clang/evaluation/src/andersen/test1.c,14,19
tests/clang/evaluation/src/andersen/test1.c,16,3,tests/clang/evaluation/src/andersen/test1.c,16,13
tests/clang/evaluation/src/andersen/test1.c,17,3,tests/clang/evaluation/src/andersen/test1.c,14,19
tests/clang/evaluation/src/andersen/test1.c,20,3,tests/clang/evaluation/src/andersen/test1.c,14,19
