/work/projects/metadl/tests/clang/evaluation/src/use_after_free/CWE416_Use_After_Free__malloc_free_char_01.c,36,15,UseAfterFree
/work/projects/metadl/tests/clang/evaluation/src/use_after_free/CWE416_Use_After_Free__malloc_free_int_01.c,44,18,UseAfterFree
/work/projects/metadl/tests/clang/evaluation/src/use_after_free/CWE416_Use_After_Free__return_freed_ptr_01.c,35,16,UseAfterFree
/work/projects/metadl/tests/clang/evaluation/src/use_after_free/CWE416_Use_After_Free__malloc_free_wchar_t_01.c,36,16,UseAfterFree
