Literal inline Path(x, y) can't be inlined. The predicate is defined in a recursive rule.
Literal inline Path(y, x) can't be inlined. The predicate is defined in a recursive rule.
