/work/projects/metadl/tests/clang/evaluation/src/goto/test1.c,27
