tests/clang/evaluation/src/goto/test1.c,16
tests/clang/evaluation/src/goto/test1.c,25
tests/clang/evaluation/src/goto/test1.c,27
