cg1.c,14,7,cg1.c,3,9
cg1.c,14,7,cg1.c,3,16
cg1.c,16,11,cg1.c,3,9
cg1.c,16,11,cg1.c,3,16
cg1.c,25,10,cg1.c,22,14
cg1.c,25,23,cg1.c,22,14
