cg1.c,4,3,cg1.c,14,7
cg1.c,4,3,cg1.c,16,11
cg1.c,24,5,cg1.c,25,10
cg1.c,24,5,cg1.c,25,23
cg1.c,25,3,cg1.c,25,10
cg1.c,25,3,cg1.c,25,23
cg1.c,29,3,cg1.c,16,18
