tests/clang/evaluation/src/uninitialized_variable/CWE457.c,11,11
tests/clang/evaluation/src/uninitialized_variable/CWE457.c,26,26
tests/clang/evaluation/src/uninitialized_variable/uninit.c,3,3
tests/clang/evaluation/src/uninitialized_variable/uninit.c,8,8
tests/clang/evaluation/src/uninitialized_variable/uninit.c,24,24
tests/clang/evaluation/src/uninitialized_variable/uninit.c,29,29
