tests/clang/evaluation/src/uninitialized_variable/CWE457.c,47,33
