tests/clang/evaluation/src/arena/test1.c,15,Freeing-arena allocated pointer 'p'.
tests/clang/evaluation/src/arena/test1.c,20,Freeing-arena allocated pointer 'x'.
tests/clang/evaluation/src/arena/test1.c,42,Freeing-arena allocated pointer 'p'.
