4,23,tests/clang/evaluation/src/macro_expansion/macros.h
