3,24,tests/clang/evaluation/src/macro_expansion/macros.h
