4,3,16,3,tests/clang/evaluation/src/nested_for_loops/nested.c,0
6,7,14,7,tests/clang/evaluation/src/nested_for_loops/nested.c,1
8,4,12,4,tests/clang/evaluation/src/nested_for_loops/nested.c,2
