281476268556527,0
281476755095784,1
281477258412257,2
