281476268556527,281476755095784
281476268556527,281477258412257
281476755095784,281477258412257
